\BOOKMARK [1][-]{section.1}{\376\377\000O\000b\000j\000e\000t\000\040\000d\000e\000\040\000c\000e\000\040\000d\000o\000c\000u\000m\000e\000n\000t}{}% 1
\BOOKMARK [1][-]{section.2}{\376\377\000D\000\351\000f\000i\000n\000i\000t\000i\000o\000n\000\040\000d\000e\000s\000\040\000m\000\351\000t\000r\000i\000q\000u\000e\000s}{}% 2
\BOOKMARK [2][-]{subsection.2.1}{\376\377\000C\000o\000n\000s\000t\000r\000u\000c\000t\000i\000o\000n\000\040\000d\000u\000\040\000g\000r\000a\000p\000h\000e}{section.2}% 3
\BOOKMARK [2][-]{subsection.2.2}{\376\377\000M\000\351\000t\000r\000i\000q\000u\000e\000s\000\040\000s\000p\000e\000c\000t\000r\000a\000l\000e\000s\000\040\000\050\000g\000r\000a\000p\000h\000e\000\040\000s\000e\000u\000l\000\051}{section.2}% 4
\BOOKMARK [2][-]{subsection.2.3}{\376\377\000S\000t\000a\000t\000i\000s\000t\000i\000q\000u\000e\000s\000\040\000d\000e\000\040\000c\000o\000u\000p\000e\000\040\000\050\000g\000r\000a\000p\000h\000e\000\040\000e\000t\000\040\000\351\000t\000i\000q\000u\000e\000t\000t\000e\000s\000\051}{section.2}% 5
\BOOKMARK [2][-]{subsection.2.4}{\376\377\000C\000o\000u\000p\000e\000\040\000d\000\351\000c\000o\000u\000v\000e\000r\000t\000e\000\040\000\050\000s\000a\000n\000s\000\040\000\351\000t\000i\000q\000u\000e\000t\000t\000e\000s\000\051}{section.2}% 6
\BOOKMARK [2][-]{subsection.2.5}{\376\377\000A\000c\000c\000o\000r\000d\000\040\000e\000n\000t\000r\000e\000\040\000l\000a\000\040\000c\000o\000u\000p\000e\000\040\000d\000\351\000c\000o\000u\000v\000e\000r\000t\000e\000\040\000e\000t\000\040\000l\000a\000\040\000v\000\351\000r\000i\000t\000\351}{section.2}% 7
\BOOKMARK [2][-]{subsection.2.6}{\376\377\000A\000g\000r\000\351\000g\000a\000t\000i\000o\000n\000\040\000s\000u\000r\000\040\000l\000'\000e\000n\000s\000e\000m\000b\000l\000e\000\040\000d\000e\000s\000\040\000p\000a\000i\000r\000e\000s}{section.2}% 8
\BOOKMARK [2][-]{subsection.2.7}{\376\377\000Q\000u\000a\000n\000t\000i\000t\000\351\000s\000\040\000d\000e\000s\000c\000r\000i\000p\000t\000i\000v\000e\000s}{section.2}% 9
\BOOKMARK [1][-]{section.3}{\376\377\000S\000y\000n\000t\000h\000\350\000s\000e\000\040\000s\000u\000r\000\040\000l\000e\000s\000\040\000h\000u\000i\000t\000\040\000m\000o\000d\000\350\000l\000e\000s}{}% 10
\BOOKMARK [2][-]{subsection.3.1}{\376\377\000C\000e\000\040\000q\000u\000i\000\040\000e\000s\000t\000\040\000\351\000t\000a\000b\000l\000i}{section.3}% 11
\BOOKMARK [2][-]{subsection.3.2}{\376\377\000C\000e\000\040\000q\000u\000i\000\040\000n\000'\000e\000s\000t\000\040\000p\000a\000s\000\040\000\351\000t\000a\000b\000l\000i}{section.3}% 12
\BOOKMARK [2][-]{subsection.3.3}{\376\377\000B\000i\000a\000i\000s\000\040\000c\000o\000n\000n\000u\000s\000\040\000d\000u\000\040\000p\000r\000o\000t\000o\000c\000o\000l\000e}{section.3}% 13
\BOOKMARK [2][-]{subsection.3.4}{\376\377\000\311\000t\000a\000p\000e\000\040\000s\000u\000i\000v\000a\000n\000t\000e}{section.3}% 14
\BOOKMARK [1][-]{section.4}{\376\377\000I\000n\000t\000e\000r\000p\000r\000\351\000t\000a\000t\000i\000o\000n\000s\000\040\000p\000a\000r\000\040\000m\000o\000d\000\350\000l\000e}{}% 15
\BOOKMARK [2][-]{subsection.4.1}{\376\377\000L\000l\000a\000m\000a\000-\0003\000.\0002\000-\0001\000B\000-\000I\000n\000s\000t\000r\000u\000c\000t}{section.4}% 16
\BOOKMARK [2][-]{subsection.4.2}{\376\377\000Q\000w\000e\000n\0002\000.\0005\000-\0001\000.\0005\000B\000-\000I\000n\000s\000t\000r\000u\000c\000t}{section.4}% 17
\BOOKMARK [2][-]{subsection.4.3}{\376\377\000S\000m\000o\000l\000L\000M\0003\000-\0003\000B}{section.4}% 18
\BOOKMARK [2][-]{subsection.4.4}{\376\377\000L\000l\000a\000m\000a\000-\0003\000.\0002\000-\0003\000B\000-\000I\000n\000s\000t\000r\000u\000c\000t}{section.4}% 19
\BOOKMARK [2][-]{subsection.4.5}{\376\377\000Q\000w\000e\000n\0003\000-\0001\000.\0007\000B}{section.4}% 20
\BOOKMARK [2][-]{subsection.4.6}{\376\377\000S\000m\000o\000l\000L\000M\0002\000-\0001\000.\0007\000B\000-\000I\000n\000s\000t\000r\000u\000c\000t}{section.4}% 21
\BOOKMARK [2][-]{subsection.4.7}{\376\377\000g\000e\000m\000m\000a\000-\0002\000-\0002\000b\000-\000i\000t}{section.4}% 22
\BOOKMARK [2][-]{subsection.4.8}{\376\377\000Q\000w\000e\000n\0002\000.\0005\000-\0003\000B\000-\000I\000n\000s\000t\000r\000u\000c\000t}{section.4}% 23
